projects/amazon-trend-analyzer/qb_chunks/page_173_skip173000.csv
ASIN Buyability Flag,asin_status,CVR%,revenue,asp,units,gv,Images #,Videos #,Has A+ Content,Buybox Winner,Average Rating,Number of Ratings,bb_price,Ad CTR%,Ad CVR%,bsr,brand,Ad CPC$,ASIN (Description),Update Type,Sold By Amazon,Has Coupon?,Has Store Link?,In Stock Today?,category,Sellable On Hand Units,asin,date,Ad Cost,Ad Sales,Ad Clicks,Ad Impressions,Ad Conversions
In Stock,ACTIVE,0.182,114.0,9.49,12.0,66.0,6.0,0.0,True,,4.2,5286.0,9.49,0.008583690987124463,0.0,18.0,Arm & Hammer,2.82,"B08QJNS24Y (A&H Complete Care Puppy Dental Kit - Includes: 2.5oz Toothpaste (Peanut Butter), Small Toothbrush, Microfiber Brush (no PDQ))",[],True,True,True,True,Dog Dental Care,1938.0,B08QJNS24Y,2025-11-09,5.64,0.0,2.0,233.0,0.0
In Stock,ACTIVE,0.08,38.0,9.5,4.0,50.0,6.0,0.0,True,,4.2,5283.0,9.5,0.005291005291005291,0.0,18.0,Arm & Hammer,3.0,"B08QJNS24Y (A&H Complete Care Puppy Dental Kit - Includes: 2.5oz Toothpaste (Peanut Butter), Small Toothbrush, Microfiber Brush (no PDQ))",[],True,False,True,True,Dog Dental Care,1947.0,B08QJNS24Y,2025-11-08,3.0,0.0,1.0,189.0,0.0
In Stock,ACTIVE,0.14,76.0,9.5,8.0,57.0,6.0,0.0,True,,4.2,5265.0,9.5,0.004807692307692308,0.0,18.0,Arm & Hammer,3.15,"B08QJNS24Y (A&H Complete Care Puppy Dental Kit - Includes: 2.5oz Toothpaste (Peanut Butter), Small Toothbrush, Microfiber Brush (no PDQ))",[],True,True,True,True,Dog Dental Care,1953.0,B08QJNS24Y,2025-11-07,3.15,0.0,1.0,208.0,0.0
In Stock,ACTIVE,0.08900000000000001,45.0,9.04,5.0,56.0,6.0,0.0,True,,4.2,5256.0,10.04,0.01,0.0,18.0,Arm & Hammer,2.145,"B08QJNS24Y (A&H Complete Care Puppy Dental Kit - Includes: 2.5oz Toothpaste (Peanut Butter), Small Toothbrush, Microfiber Brush (no PDQ))",[],True,True,True,True,Dog Dental Care,1964.0,B08QJNS24Y,2025-11-05,4.29,0.0,2.0,200.0,0.0
In Stock,ACTIVE,0.145,79.0,9.91,8.0,55.0,6.0,0.0,True,,4.2,5248.0,10.04,0.009237875288683603,1.0,19.0,Arm & Hammer,2.385,"B08QJNS24Y (A&H Complete Care Puppy Dental Kit - Includes: 2.5oz Toothpaste (Peanut Butter), Small Toothbrush, Microfiber Brush (no PDQ))",[],True,True,True,True,Dog Dental Care,1955.0,B08QJNS24Y,2025-11-04,9.54,36.54,4.0,433.0,4.0
In Stock,ACTIVE,0.087,22.0,10.79,2.0,23.0,6.0,0.0,True,,4.2,5245.0,10.04,0.007194244604316547,2.0,18.0,Arm & Hammer,2.89,"B08QJNS24Y (A&H Complete Care Puppy Dental Kit - Includes: 2.5oz Toothpaste (Peanut Butter), Small Toothbrush, Microfiber Brush (no PDQ))",[],True,True,True,True,Dog Dental Care,1931.0,B08QJNS24Y,2025-11-03,2.89,13.98,1.0,139.0,2.0
In Stock,ACTIVE,0.426,201.0,10.04,20.0,47.0,6.0,0.0,True,,4.2,5237.0,10.04,0.008519701810436636,0.5,16.0,Arm & Hammer,2.47125,"B08QJNS24Y (A&H Complete Care Puppy Dental Kit - Includes: 2.5oz Toothpaste (Peanut Butter), Small Toothbrush, Microfiber Brush (no PDQ))",[],True,True,True,True,Dog Dental Care,1939.0,B08QJNS24Y,2025-11-02,19.77,34.21,8.0,939.0,4.0
In Stock,ACTIVE,0.156,50.0,10.04,5.0,32.0,6.0,0.0,True,,4.2,5230.0,10.04,0.0,,16.0,Arm & Hammer,,"B08QJNS24Y (A&H Complete Care Puppy Dental Kit - Includes: 2.5oz Toothpaste (Peanut Butter), Small Toothbrush, Microfiber Brush (no PDQ))",[],True,False,True,True,Dog Dental Care,1945.0,B08QJNS24Y,2025-11-01,0.0,0.0,0.0,240.0,0.0
In Stock,ACTIVE,0.162,65.0,10.84,6.0,37.0,6.0,0.0,True,,4.2,5227.0,10.04,0.005115089514066497,0.0,16.0,Arm & Hammer,2.965,"B08QJNS24Y (A&H Complete Care Puppy Dental Kit - Includes: 2.5oz Toothpaste (Peanut Butter), Small Toothbrush, Microfiber Brush (no PDQ))",[],True,False,True,True,Dog Dental Care,1949.0,B08QJNS24Y,2025-10-31,5.93,0.0,2.0,391.0,0.0
In Stock,ACTIVE,0.148,42.0,10.42,4.0,27.0,6.0,0.0,True,,4.2,5222.0,10.04,0.00308641975308642,0.0,16.0,Arm & Hammer,2.69,"B08QJNS24Y (A&H Complete Care Puppy Dental Kit - Includes: 2.5oz Toothpaste (Peanut Butter), Small Toothbrush, Microfiber Brush (no PDQ))",[],True,True,True,True,Dog Dental Care,1964.0,B08QJNS24Y,2025-10-30,5.38,0.0,2.0,648.0,0.0
In Stock,ACTIVE,0.214,54.0,9.03,6.0,28.0,6.0,0.0,True,,4.2,5219.0,10.04,0.003164556962025316,0.0,16.0,Arm & Hammer,3.15,"B08QJNS24Y (A&H Complete Care Puppy Dental Kit - Includes: 2.5oz Toothpaste (Peanut Butter), Small Toothbrush, Microfiber Brush (no PDQ))",[],True,True,True,True,Dog Dental Care,1961.0,B08QJNS24Y,2025-10-29,3.15,0.0,1.0,316.0,0.0
In Stock,ACTIVE,0.2,57.0,9.54,6.0,30.0,6.0,0.0,True,,4.2,5217.0,10.04,0.0,,15.0,Arm & Hammer,,"B08QJNS24Y (A&H Complete Care Puppy Dental Kit - Includes: 2.5oz Toothpaste (Peanut Butter), Small Toothbrush, Microfiber Brush (no PDQ))",[],True,True,True,True,Dog Dental Care,1974.0,B08QJNS24Y,2025-10-28,0.0,0.0,0.0,339.0,0.0
In Stock,ACTIVE,0.114,40.0,9.92,4.0,35.0,6.0,0.0,True,,4.2,5214.0,9.57,0.01071428571428571,0.0,15.0,Arm & Hammer,2.936666666666667,"B08QJNS24Y (A&H Complete Care Puppy Dental Kit - Includes: 2.5oz Toothpaste (Peanut Butter), Small Toothbrush, Microfiber Brush (no PDQ))",[],True,True,True,True,Dog Dental Care,1987.0,B08QJNS24Y,2025-10-27,8.81,0.0,3.0,280.0,0.0
In Stock,ACTIVE,0.173,88.0,9.8,9.0,52.0,6.0,0.0,True,,4.2,5213.0,9.57,0.005865102639296188,0.0,15.0,Arm & Hammer,2.945,"B08QJNS24Y (A&H Complete Care Puppy Dental Kit - Includes: 2.5oz Toothpaste (Peanut Butter), Small Toothbrush, Microfiber Brush (no PDQ))",[],True,True,True,True,Dog Dental Care,1963.0,B08QJNS24Y,2025-10-26,11.78,0.0,4.0,682.0,0.0
In Stock,ACTIVE,0.229,75.0,9.33,8.0,35.0,6.0,0.0,True,,4.2,5210.0,9.57,0.0,,13.0,Arm & Hammer,,"B08QJNS24Y (A&H Complete Care Puppy Dental Kit - Includes: 2.5oz Toothpaste (Peanut Butter), Small Toothbrush, Microfiber Brush (no PDQ))",[],True,True,True,True,Dog Dental Care,1970.0,B08QJNS24Y,2025-10-25,0.0,0.0,0.0,357.0,0.0
In Stock,ACTIVE,0.148,37.0,9.31,4.0,27.0,6.0,0.0,True,,4.2,5205.0,8.53,0.008086253369272238,0.3333333333333333,13.0,Arm & Hammer,2.48,"B08QJNS24Y (A&H Complete Care Puppy Dental Kit - Includes: 2.5oz Toothpaste (Peanut Butter), Small Toothbrush, Microfiber Brush (no PDQ))",[],True,True,True,True,Dog Dental Care,1970.0,B08QJNS24Y,2025-10-24,7.44,6.95,3.0,371.0,1.0
In Stock,ACTIVE,0.912,263.0,8.48,31.0,34.0,6.0,0.0,True,,4.2,5205.0,8.53,0.005813953488372093,0.0,14.0,Arm & Hammer,3.11,"B08QJNS24Y (A&H Complete Care Puppy Dental Kit - Includes: 2.5oz Toothpaste (Peanut Butter), Small Toothbrush, Microfiber Brush (no PDQ))",[],True,False,True,True,Dog Dental Care,2011.0,B08QJNS24Y,2025-10-23,6.22,0.0,2.0,344.0,0.0
In Stock,ACTIVE,0.296,68.0,8.53,8.0,27.0,6.0,0.0,True,,4.2,5205.0,8.53,0.002583979328165375,0.0,15.0,Arm & Hammer,2.49,"B08QJNS24Y (A&H Complete Care Puppy Dental Kit - Includes: 2.5oz Toothpaste (Peanut Butter), Small Toothbrush, Microfiber Brush (no PDQ))",[],True,False,True,True,Dog Dental Care,2010.0,B08QJNS24Y,2025-10-22,2.49,0.0,1.0,387.0,0.0
In Stock,ACTIVE,0.353,51.0,8.53,6.0,17.0,6.0,0.0,True,,4.2,5199.0,8.53,0.003021148036253776,2.0,15.0,Arm & Hammer,2.48,"B08QJNS24Y (A&H Complete Care Puppy Dental Kit - Includes: 2.5oz Toothpaste (Peanut Butter), Small Toothbrush, Microfiber Brush (no PDQ))",[],True,False,True,True,Dog Dental Care,2085.0,B08QJNS24Y,2025-10-21,2.48,24.32,1.0,331.0,2.0
In Stock,ACTIVE,0.277,109.0,8.41,13.0,47.0,6.0,0.0,True,,4.2,5197.0,8.5,,,15.0,Arm & Hammer,,"B08QJNS24Y (A&H Complete Care Puppy Dental Kit - Includes: 2.5oz Toothpaste (Peanut Butter), Small Toothbrush, Microfiber Brush (no PDQ))",[],True,False,True,True,Dog Dental Care,2106.0,B08QJNS24Y,2025-10-20,,,,,
In Stock,ACTIVE,0.191,111.0,8.5,13.0,68.0,6.0,0.0,True,,4.2,5196.0,8.49,0.0,,16.0,Arm & Hammer,,"B08QJNS24Y (A&H Complete Care Puppy Dental Kit - Includes: 2.5oz Toothpaste (Peanut Butter), Small Toothbrush, Microfiber Brush (no PDQ))",[],True,True,True,True,Dog Dental Care,2093.0,B08QJNS24Y,2025-10-19,0.0,0.0,0.0,135.0,0.0
In Stock,ACTIVE,0.053,18.0,9.24,2.0,38.0,6.0,0.0,True,,4.2,5190.0,8.49,,,16.0,Arm & Hammer,,"B08QJNS24Y (A&H Complete Care Puppy Dental Kit - Includes: 2.5oz Toothpaste (Peanut Butter), Small Toothbrush, Microfiber Brush (no PDQ))",[],True,True,True,True,Dog Dental Care,2120.0,B08QJNS24Y,2025-10-18,0.0,0.0,0.0,0.0,0.0
In Stock,ACTIVE,0.192,44.0,8.79,5.0,26.0,6.0,0.0,True,,4.2,5184.0,8.49,,,16.0,Arm & Hammer,,"B08QJNS24Y (A&H Complete Care Puppy Dental Kit - Includes: 2.5oz Toothpaste (Peanut Butter), Small Toothbrush, Microfiber Brush (no PDQ))",[],True,True,True,True,Dog Dental Care,2129.0,B08QJNS24Y,2025-10-17,,,,,
In Stock,ACTIVE,0.235,69.0,8.68,8.0,34.0,6.0,0.0,True,,4.2,5178.0,8.5,,,16.0,Arm & Hammer,,"B08QJNS24Y (A&H Complete Care Puppy Dental Kit - Includes: 2.5oz Toothpaste (Peanut Butter), Small Toothbrush, Microfiber Brush (no PDQ))",[],True,True,True,True,Dog Dental Care,2134.0,B08QJNS24Y,2025-10-16,,,,,
In Stock,ACTIVE,0.286,66.0,8.31,8.0,28.0,6.0,0.0,True,,4.2,5168.0,6.99,,,16.0,Arm & Hammer,,"B08QJNS24Y (A&H Complete Care Puppy Dental Kit - Includes: 2.5oz Toothpaste (Peanut Butter), Small Toothbrush, Microfiber Brush (no PDQ))",[],True,True,True,True,Dog Dental Care,2156.0,B08QJNS24Y,2025-10-15,,,,,
In Stock,ACTIVE,0.172,35.0,6.99,5.0,29.0,6.0,0.0,True,,4.2,5166.0,6.99,,,16.0,Arm & Hammer,,"B08QJNS24Y (A&H Complete Care Puppy Dental Kit - Includes: 2.5oz Toothpaste (Peanut Butter), Small Toothbrush, Microfiber Brush (no PDQ))",[],True,True,True,True,Dog Dental Care,2165.0,B08QJNS24Y,2025-10-14,,,,,
In Stock,ACTIVE,0.393,77.0,6.99,11.0,28.0,6.0,0.0,True,,4.2,5163.0,6.99,,,17.0,Arm & Hammer,,"B08QJNS24Y (A&H Complete Care Puppy Dental Kit - Includes: 2.5oz Toothpaste (Peanut Butter), Small Toothbrush, Microfiber Brush (no PDQ))",[],True,True,True,True,Dog Dental Care,2174.0,B08QJNS24Y,2025-10-13,,,,,
In Stock,ACTIVE,0.278,35.0,6.99,5.0,18.0,6.0,0.0,True,,4.2,5159.0,6.99,,,18.0,Arm & Hammer,,"B08QJNS24Y (A&H Complete Care Puppy Dental Kit - Includes: 2.5oz Toothpaste (Peanut Butter), Small Toothbrush, Microfiber Brush (no PDQ))",[],True,True,True,True,Dog Dental Care,2159.0,B08QJNS24Y,2025-10-12,,,,,
In Stock,ACTIVE,0.289,91.0,6.99,13.0,45.0,6.0,0.0,True,,4.2,5153.0,6.99,,,21.0,Arm & Hammer,,"B08QJNS24Y (A&H Complete Care Puppy Dental Kit - Includes: 2.5oz Toothpaste (Peanut Butter), Small Toothbrush, Microfiber Brush (no PDQ))",[],True,True,True,True,Dog Dental Care,2173.0,B08QJNS24Y,2025-10-11,,,,,
In Stock,ACTIVE,0.158,42.0,6.99,6.0,38.0,6.0,0.0,True,,4.2,5148.0,6.99,,,21.0,Arm & Hammer,,"B08QJNS24Y (A&H Complete Care Puppy Dental Kit - Includes: 2.5oz Toothpaste (Peanut Butter), Small Toothbrush, Microfiber Brush (no PDQ))",[],True,True,True,True,Dog Dental Care,2133.0,B08QJNS24Y,2025-10-10,,,,,
In Stock,ACTIVE,0.276,56.0,6.99,8.0,29.0,6.0,0.0,True,,4.2,5144.0,6.99,,,21.0,Arm & Hammer,,"B08QJNS24Y (A&H Complete Care Puppy Dental Kit - Includes: 2.5oz Toothpaste (Peanut Butter), Small Toothbrush, Microfiber Brush (no PDQ))",[],True,True,True,True,Dog Dental Care,2141.0,B08QJNS24Y,2025-10-09,,,,,
In Stock,ACTIVE,0.419,129.0,7.14,18.0,43.0,6.0,0.0,True,,4.2,5140.0,6.99,,,20.0,Arm & Hammer,,"B08QJNS24Y (A&H Complete Care Puppy Dental Kit - Includes: 2.5oz Toothpaste (Peanut Butter), Small Toothbrush, Microfiber Brush (no PDQ))",[],True,True,True,True,Dog Dental Care,2146.0,B08QJNS24Y,2025-10-08,,,,,
In Stock,ACTIVE,0.286,122.0,7.61,16.0,56.0,6.0,0.0,True,,4.2,5135.0,6.99,,,20.0,Arm & Hammer,,"B08QJNS24Y (A&H Complete Care Puppy Dental Kit - Includes: 2.5oz Toothpaste (Peanut Butter), Small Toothbrush, Microfiber Brush (no PDQ))",[],True,True,True,True,Dog Dental Care,2151.0,B08QJNS24Y,2025-10-07,,,,,
In Stock,ACTIVE,0.36,63.0,6.99,9.0,25.0,6.0,0.0,True,,4.2,5130.0,6.99,,,20.0,Arm & Hammer,,"B08QJNS24Y (A&H Complete Care Puppy Dental Kit - Includes: 2.5oz Toothpaste (Peanut Butter), Small Toothbrush, Microfiber Brush (no PDQ))",[],True,True,True,True,Dog Dental Care,2161.0,B08QJNS24Y,2025-10-06,,,,,
In Stock,ACTIVE,0.256,77.0,6.99,11.0,43.0,6.0,0.0,True,,4.2,5123.0,6.99,,,20.0,Arm & Hammer,,"B08QJNS24Y (A&H Complete Care Puppy Dental Kit - Includes: 2.5oz Toothpaste (Peanut Butter), Small Toothbrush, Microfiber Brush (no PDQ))",[],True,True,True,True,Dog Dental Care,2212.0,B08QJNS24Y,2025-10-05,,,,,
In Stock,ACTIVE,0.119,56.0,6.99,8.0,67.0,6.0,0.0,True,,4.2,5122.0,6.99,,,19.0,Arm & Hammer,,"B08QJNS24Y (A&H Complete Care Puppy Dental Kit - Includes: 2.5oz Toothpaste (Peanut Butter), Small Toothbrush, Microfiber Brush (no PDQ))",[],True,True,True,True,Dog Dental Care,2225.0,B08QJNS24Y,2025-10-04,,,,,
In Stock,ACTIVE,0.222,70.0,6.99,10.0,45.0,6.0,0.0,True,,4.2,5119.0,6.99,,,20.0,Arm & Hammer,,"B08QJNS24Y (A&H Complete Care Puppy Dental Kit - Includes: 2.5oz Toothpaste (Peanut Butter), Small Toothbrush, Microfiber Brush (no PDQ))",[],True,True,True,True,Dog Dental Care,2236.0,B08QJNS24Y,2025-10-03,,,,,
In Stock,ACTIVE,0.278,70.0,6.99,10.0,36.0,6.0,0.0,True,,4.2,5116.0,6.99,,,19.0,Arm & Hammer,,"B08QJNS24Y (A&H Complete Care Puppy Dental Kit - Includes: 2.5oz Toothpaste (Peanut Butter), Small Toothbrush, Microfiber Brush (no PDQ))",[],True,True,True,True,Dog Dental Care,2243.0,B08QJNS24Y,2025-10-02,0.0,0.0,0.0,0.0,0.0
In Stock,ACTIVE,0.2,21.0,6.99,3.0,15.0,6.0,0.0,True,,4.2,5110.0,6.99,,,19.0,Arm & Hammer,,"B08QJNS24Y (A&H Complete Care Puppy Dental Kit - Includes: 2.5oz Toothpaste (Peanut Butter), Small Toothbrush, Microfiber Brush (no PDQ))",[],True,True,True,True,Dog Dental Care,2253.0,B08QJNS24Y,2025-10-01,0.0,0.0,0.0,0.0,0.0
In Stock,ACTIVE,0.218,154.0,7.0,22.0,101.0,6.0,0.0,True,,4.2,5107.0,6.99,,,19.0,Arm & Hammer,,"B08QJNS24Y (A&H Complete Care Puppy Dental Kit - Includes: 2.5oz Toothpaste (Peanut Butter), Small Toothbrush, Microfiber Brush (no PDQ))",[],True,True,True,True,Dog Dental Care,2264.0,B08QJNS24Y,2025-09-30,,,,,
In Stock,ACTIVE,0.195,105.0,6.99,15.0,77.0,6.0,0.0,True,,4.2,5102.0,6.99,0.01408450704225352,0.75,18.0,Arm & Hammer,2.7,"B08QJNS24Y (A&H Complete Care Puppy Dental Kit - Includes: 2.5oz Toothpaste (Peanut Butter), Small Toothbrush, Microfiber Brush (no PDQ))",[],True,True,True,True,Dog Dental Care,2308.0,B08QJNS24Y,2025-09-29,10.8,22.64,4.0,284.0,3.0
In Stock,ACTIVE,0.279,210.0,7.23,29.0,104.0,6.0,0.0,True,,4.2,5101.0,6.99,0.03461538461538462,0.5555555555555556,19.0,Arm & Hammer,1.86,"B08QJNS24Y (A&H Complete Care Puppy Dental Kit - Includes: 2.5oz Toothpaste (Peanut Butter), Small Toothbrush, Microfiber Brush (no PDQ))",[],True,True,True,True,Dog Dental Care,2331.0,B08QJNS24Y,2025-09-28,16.74,32.57,9.0,260.0,5.0
In Stock,ACTIVE,0.28,197.0,7.03,28.0,100.0,6.0,0.0,False,,4.2,5099.0,6.99,0.0186046511627907,0.5,19.0,Arm & Hammer,2.3475,"B08QJNS24Y (A&H Complete Care Puppy Dental Kit - Includes: 2.5oz Toothpaste (Peanut Butter), Small Toothbrush, Microfiber Brush (no PDQ))",[],True,True,True,True,Dog Dental Care,2351.0,B08QJNS24Y,2025-09-27,9.39,16.15,4.0,215.0,2.0
In Stock,ACTIVE,0.205,105.0,6.99,15.0,73.0,6.0,0.0,True,,4.2,5098.0,6.99,0.078125,0.8,20.0,Arm & Hammer,3.034,"B08QJNS24Y (A&H Complete Care Puppy Dental Kit - Includes: 2.5oz Toothpaste (Peanut Butter), Small Toothbrush, Microfiber Brush (no PDQ))",[],True,True,True,True,Dog Dental Care,2374.0,B08QJNS24Y,2025-09-26,15.17,28.17,5.0,64.0,4.0
In Stock,ACTIVE,0.205,119.0,6.99,17.0,83.0,6.0,0.0,True,,4.2,5089.0,6.99,0.008368200836820083,0.5,20.0,Arm & Hammer,3.075,"B08QJNS24Y (A&H Complete Care Puppy Dental Kit - Includes: 2.5oz Toothpaste (Peanut Butter), Small Toothbrush, Microfiber Brush (no PDQ))",[],True,True,True,True,Dog Dental Care,2391.0,B08QJNS24Y,2025-09-25,6.15,6.99,2.0,239.0,1.0
In Stock,ACTIVE,0.345,210.0,6.99,30.0,87.0,6.0,0.0,True,,4.2,5085.0,6.99,0.0155440414507772,0.1666666666666667,21.0,Arm & Hammer,2.326666666666667,"B08QJNS24Y (A&H Complete Care Puppy Dental Kit - Includes: 2.5oz Toothpaste (Peanut Butter), Small Toothbrush, Microfiber Brush (no PDQ))",[],True,True,True,True,Dog Dental Care,2418.0,B08QJNS24Y,2025-09-24,13.96,6.95,6.0,386.0,1.0
In Stock,ACTIVE,0.154,112.0,6.99,16.0,104.0,6.0,0.0,True,,4.2,5079.0,6.99,0.01454545454545455,0.75,21.0,Arm & Hammer,2.635,"B08QJNS24Y (A&H Complete Care Puppy Dental Kit - Includes: 2.5oz Toothpaste (Peanut Butter), Small Toothbrush, Microfiber Brush (no PDQ))",[],True,True,True,True,Dog Dental Care,2431.0,B08QJNS24Y,2025-09-23,10.54,17.64,4.0,275.0,3.0
In Stock,ACTIVE,0.232,161.0,6.99,23.0,99.0,6.0,0.0,True,,4.2,5075.0,6.99,0.01259445843828715,0.2,21.0,Arm & Hammer,2.63,"B08QJNS24Y (A&H Complete Care Puppy Dental Kit - Includes: 2.5oz Toothpaste (Peanut Butter), Small Toothbrush, Microfiber Brush (no PDQ))",[],True,True,True,True,Dog Dental Care,2454.0,B08QJNS24Y,2025-09-22,13.15,6.95,5.0,397.0,1.0
In Stock,ACTIVE,0.222,168.0,6.99,24.0,108.0,6.0,0.0,True,,4.2,5070.0,6.99,0.01098901098901099,0.6666666666666666,21.0,Arm & Hammer,3.006666666666666,"B08QJNS24Y (A&H Complete Care Puppy Dental Kit - Includes: 2.5oz Toothpaste (Peanut Butter), Small Toothbrush, Microfiber Brush (no PDQ))",[],True,True,True,True,Dog Dental Care,2466.0,B08QJNS24Y,2025-09-21,9.02,11.66,3.0,273.0,2.0
In Stock,ACTIVE,0.222,154.0,6.99,22.0,99.0,6.0,0.0,True,,4.2,5063.0,6.99,0.008639308855291577,0.75,21.0,Arm & Hammer,2.0825,"B08QJNS24Y (A&H Complete Care Puppy Dental Kit - Includes: 2.5oz Toothpaste (Peanut Butter), Small Toothbrush, Microfiber Brush (no PDQ))",[],True,True,True,True,Dog Dental Care,2486.0,B08QJNS24Y,2025-09-20,8.33,23.13,4.0,463.0,3.0
In Stock,ACTIVE,0.286,157.0,7.13,22.0,77.0,6.0,0.0,True,,4.2,5051.0,6.99,0.03738317757009346,1.0,21.0,Arm & Hammer,2.66,"B08QJNS24Y (A&H Complete Care Puppy Dental Kit - Includes: 2.5oz Toothpaste (Peanut Butter), Small Toothbrush, Microfiber Brush (no PDQ))",[],True,True,True,True,Dog Dental Care,2510.0,B08QJNS24Y,2025-09-19,10.64,28.31,4.0,107.0,4.0
In Stock,ACTIVE,0.125,68.0,6.81,10.0,80.0,6.0,0.0,True,,4.2,5050.0,6.99,0.02100840336134454,0.2,21.0,Arm & Hammer,2.364,"B08QJNS24Y (A&H Complete Care Puppy Dental Kit - Includes: 2.5oz Toothpaste (Peanut Butter), Small Toothbrush, Microfiber Brush (no PDQ))",[],True,True,True,True,Dog Dental Care,2535.0,B08QJNS24Y,2025-09-18,11.82,6.99,5.0,238.0,1.0
